// Vitest Snapshot v1, https://vitest.dev/guide/snapshot.html

exports[`importData > imports data from config/locales 1`] = `
{
  "translations": {
    "en": {
      "messages.greeting": {
        "raw": "Hello, {name}!",
      },
      "messages.unread": {
        "raw": "{count, plural, one {You have # unread message.} other {You have # unread messages.}}",
      },
      "messages.unread.one": {
        "raw": "You have {count} unread message.",
      },
      "messages.unread.other": {
        "raw": "You have {count} unread messages.",
      },
    },
    "ja": {
      "messages.greeting": {
        "raw": "こんにちは、{name}さん!",
      },
      "messages.unread": {
        "raw": "未読のメッセージが{count}件あります",
      },
    },
  },
}
`;
